// Jest Snapshot v1, https://goo.gl/fbAQLP

exports[`<AssetsToolbar /> should create a snapshot 1`] = `
<styled.div>
  <Box
    align="end"
    announce={false}
    colorIndex="light-2"
    direction="column"
    focusable={true}
    pad="medium"
    responsive={true}
    tag="div"
  >
    <Button
      className=""
      icon={
        <Checkmark
          responsive={true}
        />
      }
      label="use selected assets"
      method="push"
      onClick={[Function]}
      primary={true}
      type="button"
    />
  </Box>
</styled.div>
`;
